// Jest Snapshot v1, https://goo.gl/fbAQLP

exports[`Component for Homepage should fetch data from API on load 1`] = `
<DocumentFragment>
  <section
    class="homepage"
  >
    <div
      class="toolbar"
    >
      <h1
        class="brand"
      >
        <a
          href="/"
        >
          NationGuide
        </a>
      </h1>
      <form
        class="search-box"
      >
        <svg
          fill="none"
          height="1em"
          stroke="currentColor"
          stroke-linecap="round"
          stroke-linejoin="round"
          stroke-width="2"
          viewBox="0 0 24 24"
          width="1em"
          xmlns="http://www.w3.org/2000/svg"
        >
          <circle
            cx="11"
            cy="11"
            r="8"
          />
          <line
            x1="21"
            x2="16.65"
            y1="21"
            y2="16.65"
          />
        </svg>
        <input
          class="search-input"
          maxlength="50"
          placeholder="Search country by name"
          type="text"
          value=""
        />
      </form>
      <div
        class="d-row"
      >
        <svg
          fill="currentColor"
          height="1em"
          stroke="currentColor"
          stroke-width="0"
          viewBox="0 0 16 16"
          width="1em"
          xmlns="http://www.w3.org/2000/svg"
        >
          <path
            d="M5 3a3 3 0 0 1 6 0v5a3 3 0 0 1-6 0V3z"
          />
          <path
            d="M3.5 6.5A.5.5 0 0 1 4 7v1a4 4 0 0 0 8 0V7a.5.5 0 0 1 1 0v1a5 5 0 0 1-4.5 4.975V15h3a.5.5 0 0 1 0 1h-7a.5.5 0 0 1 0-1h3v-2.025A5 5 0 0 1 3 8V7a.5.5 0 0 1 .5-.5z"
          />
        </svg>
        <svg
          fill="currentColor"
          height="1em"
          stroke="currentColor"
          stroke-width="0"
          viewBox="0 0 1024 1024"
          width="1em"
          xmlns="http://www.w3.org/2000/svg"
        >
          <path
            d="M512.5 390.6c-29.9 0-57.9 11.6-79.1 32.8-21.1 21.2-32.8 49.2-32.8 79.1 0 29.9 11.7 57.9 32.8 79.1 21.2 21.1 49.2 32.8 79.1 32.8 29.9 0 57.9-11.7 79.1-32.8 21.1-21.2 32.8-49.2 32.8-79.1 0-29.9-11.7-57.9-32.8-79.1a110.96 110.96 0 0 0-79.1-32.8zm412.3 235.5l-65.4-55.9c3.1-19 4.7-38.4 4.7-57.7s-1.6-38.8-4.7-57.7l65.4-55.9a32.03 32.03 0 0 0 9.3-35.2l-.9-2.6a442.5 442.5 0 0 0-79.6-137.7l-1.8-2.1a32.12 32.12 0 0 0-35.1-9.5l-81.2 28.9c-30-24.6-63.4-44-99.6-57.5l-15.7-84.9a32.05 32.05 0 0 0-25.8-25.7l-2.7-.5c-52-9.4-106.8-9.4-158.8 0l-2.7.5a32.05 32.05 0 0 0-25.8 25.7l-15.8 85.3a353.44 353.44 0 0 0-98.9 57.3l-81.8-29.1a32 32 0 0 0-35.1 9.5l-1.8 2.1a445.93 445.93 0 0 0-79.6 137.7l-.9 2.6c-4.5 12.5-.8 26.5 9.3 35.2l66.2 56.5c-3.1 18.8-4.6 38-4.6 57 0 19.2 1.5 38.4 4.6 57l-66 56.5a32.03 32.03 0 0 0-9.3 35.2l.9 2.6c18.1 50.3 44.8 96.8 79.6 137.7l1.8 2.1a32.12 32.12 0 0 0 35.1 9.5l81.8-29.1c29.8 24.5 63 43.9 98.9 57.3l15.8 85.3a32.05 32.05 0 0 0 25.8 25.7l2.7.5a448.27 448.27 0 0 0 158.8 0l2.7-.5a32.05 32.05 0 0 0 25.8-25.7l15.7-84.9c36.2-13.6 69.6-32.9 99.6-57.5l81.2 28.9a32 32 0 0 0 35.1-9.5l1.8-2.1c34.8-41.1 61.5-87.4 79.6-137.7l.9-2.6c4.3-12.4.6-26.3-9.5-35zm-412.3 52.2c-97.1 0-175.8-78.7-175.8-175.8s78.7-175.8 175.8-175.8 175.8 78.7 175.8 175.8-78.7 175.8-175.8 175.8z"
          />
        </svg>
      </div>
    </div>
    <a
      class="feature-item"
      href="/country/Canada"
    >
      <div
        class="frame"
      >
        <img
          alt="The flag of Canada is composed of a red vertical band on the hoist and fly sides and a central white square that is twice the width of the vertical bands. A large eleven-pointed red maple leaf is centered in the white square."
          src="https://flagcdn.com/w320/ca.png"
        />
      </div>
      <div>
        <h3>
          Canada
        </h3>
        <p>
          9984670 kmÂ²
        </p>
      </div>
    </a>
    <div
      class="bar-item"
    >
      <select
        class="sorting-box"
      >
        <option
          value="area-d"
        >
          Sort by Area [D]
        </option>
        <option
          value="area-a"
        >
          Sort by Area [A]
        </option>
        <option
          value="name-d"
        >
          Sort by Name [A]
        </option>
        <option
          value="name-a"
        >
          Sort by Name [D]
        </option>
      </select>
    </div>
    <div
      class="main-grid"
    />
  </section>
  ,
</DocumentFragment>
`;
