// Jest Snapshot v1, https://goo.gl/fbAQLP

exports[`Popup Window should render correctly 1`] = `
<DocumentFragment>
  <div
    class="status-popup"
  >
    <h2 />
    <p />
  </div>
</DocumentFragment>
`;
